// Jest Snapshot v1, https://goo.gl/fbAQLP

exports[`<BigItem/> & <TinyItem/> snapshot 1`] = `<div />`;
