// Jest Snapshot v1, https://goo.gl/fbAQLP

exports[`<ThemePage /> snapshot 1`] = `
<div>
  <div>
    ThemaPage
  </div>
</div>
`;
